// Vitest Snapshot v1, https://vitest.dev/guide/snapshot.html

exports[`PostAttachments > Displays all post attachment types 1`] = `
<DocumentFragment>
  <div
    aria-label="5 attachments"
    class="attachments"
    role="region"
  >
    <div
      style="--gap: 8px;"
    >
      <div
        class="container container--visual"
      >
        <div
          class="row row--stretched"
        >
          <a
            class="link"
            data-pid="new-post-vi1"
            href="https://candy.freefeed.net/v4/attachments/vi1/original?redirect="
            role="figure"
            style="width: 337px; height: 190px;"
            target="_blank"
            title="sunrise.mp4 (117.7 MiB, 1920×1080px)"
          >
            <img
              alt="Video attachment sunrise.mp4"
              aria-hidden="true"
              class="image"
              height="190"
              id="new-post-vi1"
              loading="lazy"
              src="https://candy.freefeed.net/v4/attachments/vi1/image?redirect=&width=337&height=190"
              width="337"
            />
            <video
              alt="Video attachment sunrise.mp4"
              class="video"
              disablepictureinpicture=""
              height="190"
              loading="lazy"
              loop=""
              playsinline=""
              poster="https://candy.freefeed.net/v4/attachments/vi1/image?redirect=&width=337&height=190"
              preload="none"
              src="https://candy.freefeed.net/v4/attachments/vi1/video?redirect=&width=337&height=190"
              width="337"
            />
            <div
              class="overlay overlay--info"
            >
              <svg
                aria-hidden="true"
                class="fa-icon fa-icon-fas-play"
                focusable="false"
                role="img"
                viewBox="0 0 448 512"
                xmlns="http://www.w3.org/2000/svg"
              >
                <path
                  d="M424.4 214.7L72.4 6.6C43.8-10.3 0 6.1 0 47.9V464c0 37.5 40.7 60.1 72.4 41.3l352-208c31.4-18.5 31.5-64.1 0-82.6z"
                  fill="currentColor"
                />
              </svg>
              2:03
            </div>
          </a>
          <a
            class="link"
            data-pid="new-post-im1"
            href="https://candy.freefeed.net/v4/attachments/im1/original?redirect="
            role="figure"
            style="width: 253px; height: 190px;"
            target="_blank"
            title="CAT.jpg (195.3 KiB, 2000×1500px)"
          >
            <img
              alt="Image attachment CAT.jpg"
              aria-hidden="false"
              class="image"
              height="190"
              id="new-post-im1"
              loading="lazy"
              src="https://candy.freefeed.net/v4/attachments/im1/image?redirect=&width=253&height=190"
              width="253"
            />
          </a>
          <div
            class="fold__box"
          >
            <button
              class="fold__icon"
              title="Show all (3)"
            >
              <svg
                aria-hidden="true"
                class="fa-icon fa-icon-fas-chevron-circle-right"
                focusable="false"
                role="img"
                viewBox="0 0 512 512"
                xmlns="http://www.w3.org/2000/svg"
              >
                <path
                  d="M256 8c137 0 248 111 248 248S393 504 256 504 8 393 8 256 119 8 256 8zm113.9 231L234.4 103.5c-9.4-9.4-24.6-9.4-33.9 0l-17 17c-9.4 9.4-9.4 24.6 0 33.9L285.1 256 183.5 357.6c-9.4 9.4-9.4 24.6 0 33.9l17 17c9.4 9.4 24.6 9.4 33.9 0L369.9 273c9.4-9.4 9.4-24.6 0-34z"
                  fill="currentColor"
                />
              </svg>
            </button>
          </div>
        </div>
      </div>
    </div>
    <div
      class="container container--audio"
    >
      <div
        aria-label="Audio attachment Oasis – Wonderwall (1.2 MiB)"
        class="attachment attachment--audio"
        role="figure"
      >
        <div
          class="original-link__container"
        >
          <svg
            aria-hidden="true"
            class="original-link__icon fa-icon fa-icon-fas-headphones"
            focusable="false"
            role="img"
            viewBox="0 0 512 512"
            xmlns="http://www.w3.org/2000/svg"
          >
            <path
              d="M256 32C114.52 32 0 146.496 0 288v48a32 32 0 0 0 17.689 28.622l14.383 7.191C34.083 431.903 83.421 480 144 480h24c13.255 0 24-10.745 24-24V280c0-13.255-10.745-24-24-24h-24c-31.342 0-59.671 12.879-80 33.627V288c0-105.869 86.131-192 192-192s192 86.131 192 192v1.627C427.671 268.879 399.342 256 368 256h-24c-13.255 0-24 10.745-24 24v176c0 13.255 10.745 24 24 24h24c60.579 0 109.917-48.098 111.928-108.187l14.382-7.191A32 32 0 0 0 512 336v-48c0-141.479-114.496-256-256-256z"
              fill="currentColor"
            />
          </svg>
          <div
            class="original-link__text"
          >
            <a
              class="original-link"
              href="https://candy.freefeed.net/v4/attachments/au1/original?redirect="
              target="_blank"
            >
              <span
                class="original-link__text"
              >
                Oasis – Wonderwall
              </span>
               
              <span
                class="original-link__size"
              >
                1.2 MiB
              </span>
            </a>
          </div>
        </div>
        <div>
          <audio
            class="audio__player"
            controls=""
            preload="none"
            src="https://candy.freefeed.net/v4/attachments/au1/audio?redirect="
            title="Oasis – Wonderwall (1.2 MiB)"
          />
        </div>
      </div>
    </div>
    <div
      class="container container--general"
    >
      <div
        aria-label="Attachment rfc.pdf (48.8 KiB)"
        class="attachment attachment--general"
        role="figure"
      >
        <div
          class="original-link__container"
        >
          <svg
            class="original-link__icon fa-icon fa-icon-fas-paperclip"
            xmlns="http://www.w3.org/2000/svg"
          >
            <use
              xlink:href="#fa-icon-fas-paperclip"
            />
          </svg>
          <div
            class="original-link__text"
          >
            <a
              class="original-link"
              href="https://candy.freefeed.net/v4/attachments/ge1/original?redirect="
              target="_blank"
            >
              <span
                class="original-link__text"
              >
                rfc.pdf
              </span>
               
              <span
                class="original-link__size"
              >
                48.8 KiB
              </span>
            </a>
          </div>
        </div>
      </div>
    </div>
  </div>
</DocumentFragment>
`;

exports[`PostAttachments > Renders an empty attachments container 1`] = `<DocumentFragment />`;
