// Jest Snapshot v1, https://goo.gl/fbAQLP

exports[`PostAttachments Displays all post attachment types 1`] = `
<DocumentFragment>
  <div
    aria-label="5 attachments"
    class="attachments"
    role="region"
  >
    <div
      class="image-attachments is-folded"
    >
      <div
        class="attachment"
        data-id="im1"
        role="figure"
      >
        <a
          class="image-attachment-link"
          href="https://media/CAT.JPG"
          target="_blank"
          title="CAT.JPG (195.3 KiB, 2000×1500px)"
        >
          <img
            alt="Image attachment CAT.JPG"
            class="image-attachment-img"
            height="300"
            loading="lazy"
            src="https://thumbnail/CAT.JPG"
            width="400"
          />
        </a>
      </div>
      <div
        class="attachment"
        data-id="im2"
        role="figure"
      >
        <a
          class="image-attachment-link"
          href="https://media/food.jpg"
          target="_blank"
          title="food.jpg (2 KiB, 2000×1500px)"
        >
          <img
            alt="Image attachment food.jpg"
            class="image-attachment-img"
            height="1500"
            loading="lazy"
            src="https://thumbnail/food.jpg"
            width="2000"
          />
        </a>
      </div>
      <div
        class="show-more"
      >
        <svg
          aria-hidden="true"
          class="show-more-icon fa-icon fa-icon-fas-chevron-circle-right"
          focusable="false"
          role="img"
          viewBox="0 0 512 512"
          xmlns="http://www.w3.org/2000/svg"
        >
          <title>
            Show more (1)
          </title>
          <path
            d="M256 8c137 0 248 111 248 248S393 504 256 504 8 393 8 256 119 8 256 8zm113.9 231L234.4 103.5c-9.4-9.4-24.6-9.4-33.9 0l-17 17c-9.4 9.4-9.4 24.6 0 33.9L285.1 256 183.5 357.6c-9.4 9.4-9.4 24.6 0 33.9l17 17c9.4 9.4 24.6 9.4 33.9 0L369.9 273c9.4-9.4 9.4-24.6 0-34z"
            fill="currentColor"
          />
        </svg>
      </div>
    </div>
    <div
      class="audio-attachments"
    >
      <div
        aria-label="Audio attachment Oasis – Wonderwall (1.2 MiB)"
        class="attachment"
        role="figure"
      >
        <div>
          <audio
            controls=""
            preload="none"
            src="https://media/wonderwall.mp3"
            title="Oasis – Wonderwall (1.2 MiB)"
          />
        </div>
        <div>
          <a
            href="https://media/wonderwall.mp3"
            target="_blank"
            title="Oasis – Wonderwall (1.2 MiB)"
          >
            <svg
              aria-hidden="true"
              class="attachment-icon fa-icon fa-icon-far-file-audio"
              focusable="false"
              role="img"
              viewBox="0 0 384 512"
              xmlns="http://www.w3.org/2000/svg"
            >
              <path
                d="M369.941 97.941l-83.882-83.882A48 48 0 0 0 252.118 0H48C21.49 0 0 21.49 0 48v416c0 26.51 21.49 48 48 48h288c26.51 0 48-21.49 48-48V131.882a48 48 0 0 0-14.059-33.941zM332.118 128H256V51.882L332.118 128zM48 464V48h160v104c0 13.255 10.745 24 24 24h104v288H48zm144-76.024c0 10.691-12.926 16.045-20.485 8.485L136 360.486h-28c-6.627 0-12-5.373-12-12v-56c0-6.627 5.373-12 12-12h28l35.515-36.947c7.56-7.56 20.485-2.206 20.485 8.485v135.952zm41.201-47.13c9.051-9.297 9.06-24.133.001-33.439-22.149-22.752 12.235-56.246 34.395-33.481 27.198 27.94 27.212 72.444.001 100.401-21.793 22.386-56.947-10.315-34.397-33.481z"
                fill="currentColor"
              />
            </svg>
            <span>
              Oasis – Wonderwall (1.2 MiB)
            </span>
          </a>
        </div>
      </div>
    </div>
    <div
      class="video-attachments"
    >
      <div
        aria-label="Video attachment sunrise.mp4 (117.7 MiB)"
        class="attachment"
        role="figure"
      >
        <a
          aria-disabled="false"
          class="video-attachment-click-to-play"
          role="button"
          tabindex="0"
          title="Click to play video"
        >
          <svg
            aria-hidden="true"
            class="fa-icon fa-icon-far-play-circle"
            focusable="false"
            role="img"
            viewBox="0 0 512 512"
            xmlns="http://www.w3.org/2000/svg"
          >
            <path
              d="M371.7 238l-176-107c-15.8-8.8-35.7 2.5-35.7 21v208c0 18.4 19.8 29.8 35.7 21l176-101c16.4-9.1 16.4-32.8 0-42zM504 256C504 119 393 8 256 8S8 119 8 256s111 248 248 248 248-111 248-248zm-448 0c0-110.5 89.5-200 200-200s200 89.5 200 200-89.5 200-200 200S56 366.5 56 256z"
              fill="currentColor"
            />
          </svg>
        </a>
        <div>
          <a
            href="https://media/sunrise.mp4"
            target="_blank"
            title="sunrise.mp4 (117.7 MiB)"
          >
            <svg
              aria-hidden="true"
              class="attachment-icon fa-icon fa-icon-far-file-video"
              focusable="false"
              role="img"
              viewBox="0 0 384 512"
              xmlns="http://www.w3.org/2000/svg"
            >
              <path
                d="M369.941 97.941l-83.882-83.882A48 48 0 0 0 252.118 0H48C21.49 0 0 21.49 0 48v416c0 26.51 21.49 48 48 48h288c26.51 0 48-21.49 48-48V131.882a48 48 0 0 0-14.059-33.941zM332.118 128H256V51.882L332.118 128zM48 464V48h160v104c0 13.255 10.745 24 24 24h104v288H48zm228.687-211.303L224 305.374V268c0-11.046-8.954-20-20-20H100c-11.046 0-20 8.954-20 20v104c0 11.046 8.954 20 20 20h104c11.046 0 20-8.954 20-20v-37.374l52.687 52.674C286.704 397.318 304 390.28 304 375.986V264.011c0-14.311-17.309-21.319-27.313-11.314z"
                fill="currentColor"
              />
            </svg>
            <span>
              sunrise.mp4 (117.7 MiB)
            </span>
          </a>
        </div>
      </div>
    </div>
    <div
      class="general-attachments"
    >
      <div
        aria-label="Attachment rfc.pdf (48.8 KiB)"
        class="attachment"
        role="figure"
      >
        <a
          href="https://media/rfc.pdf"
          target="_blank"
          title="rfc.pdf (48.8 KiB)"
        >
          <svg
            aria-hidden="true"
            class="attachment-icon fa-icon fa-icon-far-file"
            focusable="false"
            role="img"
            viewBox="0 0 384 512"
            xmlns="http://www.w3.org/2000/svg"
          >
            <path
              d="M369.9 97.9L286 14C277 5 264.8-.1 252.1-.1H48C21.5 0 0 21.5 0 48v416c0 26.5 21.5 48 48 48h288c26.5 0 48-21.5 48-48V131.9c0-12.7-5.1-25-14.1-34zM332.1 128H256V51.9l76.1 76.1zM48 464V48h160v104c0 13.3 10.7 24 24 24h104v288H48z"
              fill="currentColor"
            />
          </svg>
          <span
            class="attachment-title"
          >
            rfc.pdf (48.8 KiB)
          </span>
        </a>
      </div>
    </div>
  </div>
</DocumentFragment>
`;

exports[`PostAttachments Renders an empty attachments container 1`] = `<DocumentFragment />`;
